<?xml version="1.0" encoding="utf-8"?><testsuites><testsuite name="pytest" errors="1" failures="0" skipped="0" tests="1" time="8.421" timestamp="2025-11-14T17:27:09.759578" hostname="LAPTOP-MQH9IO4G"><testcase classname="" name="apps.sensors.tests" time="0.000"><error message="collection failure">ImportError while importing test module 'C:\Users\misam\OneDrive\Documentos\GitHub\ZZZ-Backend\apps\sensors\tests.py'.
Hint: make sure your test modules/packages have valid Python names.
Traceback:
.venv\Lib\site-packages\_pytest\python.py:617: in _importtestmodule
    mod = import_path(self.path, mode=importmode, root=self.config.rootpath)
.venv\Lib\site-packages\_pytest\pathlib.py:567: in import_path
    importlib.import_module(module_name)
..\..\..\..\AppData\Local\Programs\Python\Python311\Lib\importlib\__init__.py:126: in import_module
    return _bootstrap._gcd_import(name[level:], package, level)
&lt;frozen importlib._bootstrap&gt;:1206: in _gcd_import
    ???
&lt;frozen importlib._bootstrap&gt;:1178: in _find_and_load
    ???
&lt;frozen importlib._bootstrap&gt;:1149: in _find_and_load_unlocked
    ???
&lt;frozen importlib._bootstrap&gt;:690: in _load_unlocked
    ???
.venv\Lib\site-packages\_pytest\assertion\rewrite.py:186: in exec_module
    exec(co, module.__dict__)
apps\sensors\tests.py:10: in &lt;module&gt;
    from apps.sensors.processors import SensorDataProcessor
E   ImportError: cannot import name 'SensorDataProcessor' from 'apps.sensors.processors' (C:\Users\misam\OneDrive\Documentos\GitHub\ZZZ-Backend\apps\sensors\processors.py)</error></testcase></testsuite></testsuites>